C51 COMPILER V9.52.0.0   DELAY                                                             08/29/2022 18:00:58 PAGE 1   


C51 COMPILER V9.52.0.0, COMPILATION OF MODULE DELAY
OBJECT MODULE PLACED IN .\Objects\delay.obj
COMPILER INVOKED BY: C:\Keil_v5\C51\BIN\C51.EXE delay.c BROWSE DEBUG OBJECTEXTEND PRINT(.\Listings\delay.lst) TABS(2) OB
                    -JECT(.\Objects\delay.obj)

line level    source

   1          #include "header.h"
   2          void delay_ms(unsigned int ms)
   3          {
   4   1        unsigned char i;
   5   1        for(;ms>0;ms--)
   6   1        {
   7   2          i=250;
   8   2          while(--i);
   9   2          i=247;
  10   2          while(--i);
  11   2        }
  12   1      }


MODULE INFORMATION:   STATIC OVERLAYABLE
   CODE SIZE        =     25    ----
   CONSTANT SIZE    =   ----    ----
   XDATA SIZE       =   ----    ----
   PDATA SIZE       =   ----    ----
   DATA SIZE        =   ----    ----
   IDATA SIZE       =   ----    ----
   BIT SIZE         =   ----    ----
END OF MODULE INFORMATION.


C51 COMPILATION COMPLETE.  0 WARNING(S),  0 ERROR(S)
