C51 COMPILER V9.52.0.0   ENTER_PASSWORD                                                    08/29/2022 18:00:59 PAGE 1   


C51 COMPILER V9.52.0.0, COMPILATION OF MODULE ENTER_PASSWORD
OBJECT MODULE PLACED IN .\Objects\enter_password.obj
COMPILER INVOKED BY: C:\Keil_v5\C51\BIN\C51.EXE enter_password.c BROWSE DEBUG OBJECTEXTEND PRINT(.\Listings\enter_passwo
                    -rd.lst) TABS(2) OBJECT(.\Objects\enter_password.obj)

line level    source

   1          #include <reg51.h>
   2          #include "header.h"
   3          
   4          
   5          unsigned char * enter_password(void)
   6          {
   7   1          unsigned char a[5] = {0};
   8   1          unsigned char i,j=7,temp1 = 0;
   9   1        
  10   1          lcd_init();
  11   1          lcd_cmd(0x01);
  12   1          lcd_cmd(0x80);
  13   1          string_data("   ENTER PASS"); 
  14   1            
  15   1          delay_ms(100);
  16   1          lcd_cmd(0xC0);
  17   1      
  18   1          lcd_cmd(0x0f);                /* Cursor Blinking */
  19   1      
  20   1        for( i = 0; i < 7; i++)
  21   1        {
  22   2          lcd_cmd(0x14);                /* Cursor right shift by Seven times */ 
  23   2        }
  24   1        
  25   1            
  26   1          for(i=0;i<3;i++)
  27   1            {
  28   2              row_Init();//Row initialization
  29   2              while(Is_Keypressed());//waiting for sw press
  30   2              temp1=  key_Val();
  31   2              a[i]=temp1;
  32   2              lcd_cmd(0xC0+j);        /* taking j for force to cursor to the middle of lcd while entering password */
  33   2              lcd_data(temp1);
  34   2                delay_ms(100);
  35   2                lcd_cmd(0xC0+j);
  36   2                lcd_data('*');
  37   2                j++;                  /* incrementing j for next location of lcd for password */
  38   2            } 
  39   1              a[i]='\0';
  40   1              
  41   1              delay_ms(300);
  42   1            
  43   1                    
  44   1        
  45   1          return a;
  46   1      }


MODULE INFORMATION:   STATIC OVERLAYABLE
   CODE SIZE        =    169    ----
   CONSTANT SIZE    =     19    ----
   XDATA SIZE       =   ----    ----
   PDATA SIZE       =   ----    ----
   DATA SIZE        =   ----       8
C51 COMPILER V9.52.0.0   ENTER_PASSWORD                                                    08/29/2022 18:00:59 PAGE 2   

   IDATA SIZE       =   ----    ----
   BIT SIZE         =   ----    ----
END OF MODULE INFORMATION.


C51 COMPILATION COMPLETE.  0 WARNING(S),  0 ERROR(S)
