C51 COMPILER V9.52.0.0   KEYPAD                                                            08/29/2022 18:00:58 PAGE 1   


C51 COMPILER V9.52.0.0, COMPILATION OF MODULE KEYPAD
OBJECT MODULE PLACED IN .\Objects\keypad.obj
COMPILER INVOKED BY: C:\Keil_v5\C51\BIN\C51.EXE keypad.c BROWSE DEBUG OBJECTEXTEND PRINT(.\Listings\keypad.lst) TABS(2) 
                    -OBJECT(.\Objects\keypad.obj)

line level    source

   1          #include <reg51.h>
   2          #include "header.h"
   3          //#include "delay.h"
   4          
   5          sbit r0=P1^0;
   6          sbit r1=P1^1;
   7          sbit r2=P1^2;
   8          sbit r3=P1^3;
   9          sbit c0=P1^4;
  10          sbit c1=P1^5;
  11          sbit c2=P1^6;
  12          sbit c3=P1^7;
  13          char code LUT[][4]={'7','8','9','/',
  14                              '4','5','6','*',
  15                              '1','2','3','-',
  16                              '@','0','=','+'};
  17          void row_Init(void)
  18          {
  19   1        r0=r1=r2=r3=0;
  20   1      }
  21          bit Is_Keypressed(void)
  22          {
  23   1        return(c0&&c1&&c2&&c3); 
  24   1      }
  25          char key_Val(void)
  26          {
  27   1          
  28   1        char row_val,col_val;
  29   1      
  30   1        delay_ms(10);//avoiding keybouncing
  31   1        r0=0;r1=r2=r3=1;
  32   1        if(!(c0&&c1&&c2&&c3))
  33   1      
  34   1          {
  35   2            row_val=0;
  36   2            goto col_check;   
  37   2          } 
  38   1          r1=0;r0=r2=r3=1;
  39   1          if(!(c0&&c1&&c2&&c3))
  40   1          {
  41   2            row_val=1;
  42   2            goto col_check;   
  43   2          } 
  44   1          r2=0;r0=r1=r3=1;
  45   1          if(!(c0&&c1&&c2&&c3))
  46   1          {
  47   2            row_val=2;
  48   2            goto col_check;   
  49   2          }   
  50   1          r3=0;r0=r1=r2=1;
  51   1          if(!(c0&&c1&&c2&&c3))
  52   1            row_val=3;
  53   1      col_check:
  54   1          if(c0==0)
C51 COMPILER V9.52.0.0   KEYPAD                                                            08/29/2022 18:00:58 PAGE 2   

  55   1            col_val=0;
  56   1          else if(c1==0)
  57   1            col_val=1;
  58   1          else if(c2==0)
  59   1            col_val=2;
  60   1          else 
  61   1            col_val=3;
  62   1           while(!(c0&&c1&&c2&&c3));//waiting for sw release
  63   1           return(LUT[row_val][col_val]);
  64   1         
  65   1      
  66   1      }
  67          
  68          


MODULE INFORMATION:   STATIC OVERLAYABLE
   CODE SIZE        =    217    ----
   CONSTANT SIZE    =     16    ----
   XDATA SIZE       =   ----    ----
   PDATA SIZE       =   ----    ----
   DATA SIZE        =   ----       2
   IDATA SIZE       =   ----    ----
   BIT SIZE         =   ----    ----
END OF MODULE INFORMATION.


C51 COMPILATION COMPLETE.  0 WARNING(S),  0 ERROR(S)
